
Discarded input sections

 .text          0x0000000000000000        0x0 gcc/main.o
 .data          0x0000000000000000        0x0 gcc/main.o
 .bss           0x0000000000000000        0x0 gcc/main.o
 .text          0x0000000000000000        0x0 gcc/startup_efm32gg.o
 .data          0x0000000000000000        0x0 gcc/startup_efm32gg.o
 .bss           0x0000000000000000        0x0 gcc/startup_efm32gg.o
 .text.SystemInit
                0x0000000000000000        0xc gcc/startup_efm32gg.o
 .text          0x0000000000000000        0x0 gcc/system_efm32gg.o
 .data          0x0000000000000000        0x0 gcc/system_efm32gg.o
 .bss           0x0000000000000000        0x0 gcc/system_efm32gg.o
 .text.SystemMaxCoreClockGet
                0x0000000000000000       0x14 gcc/system_efm32gg.o
 .text.SystemHFXOClockGet
                0x0000000000000000       0x14 gcc/system_efm32gg.o
 .text.SystemHFXOClockSet
                0x0000000000000000       0x30 gcc/system_efm32gg.o
 .text.SystemLFRCOClockGet
                0x0000000000000000       0x10 gcc/system_efm32gg.o
 .text.SystemULFRCOClockGet
                0x0000000000000000       0x10 gcc/system_efm32gg.o
 .text.SystemLFXOClockGet
                0x0000000000000000       0x14 gcc/system_efm32gg.o
 .text.SystemLFXOClockSet
                0x0000000000000000       0x30 gcc/system_efm32gg.o

Memory Configuration

Name             Origin             Length             Attributes
FLASH            0x0000000000000000 0x0000000000100000 xr
RAM              0x0000000020000000 0x0000000000020000 xrw
*default*        0x0000000000000000 0xffffffffffffffff

Linker script and memory map

LOAD gcc/main.o
LOAD gcc/startup_efm32gg.o
LOAD gcc/system_efm32gg.o
START GROUP
LOAD /home/laranja/gcc-arm-none-eabi-10.3-2021.10/bin/../lib/gcc/arm-none-eabi/10.3.1/thumb/v7-m/nofp/libgcc.a
LOAD /home/laranja/gcc-arm-none-eabi-10.3-2021.10/bin/../lib/gcc/arm-none-eabi/10.3.1/../../../../arm-none-eabi/lib/thumb/v7-m/nofp/libg_nano.a
LOAD /home/laranja/gcc-arm-none-eabi-10.3-2021.10/bin/../lib/gcc/arm-none-eabi/10.3.1/../../../../arm-none-eabi/lib/thumb/v7-m/nofp/libc_nano.a
END GROUP
START GROUP
LOAD /home/laranja/gcc-arm-none-eabi-10.3-2021.10/bin/../lib/gcc/arm-none-eabi/10.3.1/thumb/v7-m/nofp/libgcc.a
LOAD /home/laranja/gcc-arm-none-eabi-10.3-2021.10/bin/../lib/gcc/arm-none-eabi/10.3.1/../../../../arm-none-eabi/lib/thumb/v7-m/nofp/libc_nano.a
END GROUP

.text           0x0000000000000000      0x3b0
 *(.vectors)
 .vectors       0x0000000000000000       0xdc gcc/startup_efm32gg.o
                0x0000000000000000                __Vectors
                0x00000000000000dc                __Vectors_End = .
                0x00000000000000dc                __Vectors_Size = (__Vectors_End - __Vectors)
                0x0000000020000010                __end__ = .
 *(.text*)
 .text.Delay    0x00000000000000dc       0x3c gcc/main.o
                0x00000000000000dc                Delay
 .text.ConfigSystem
                0x0000000000000118       0x78 gcc/main.o
                0x0000000000000118                ConfigSystem
 .text.main     0x0000000000000190       0x4c gcc/main.o
                0x0000000000000190                main
 .text.Reset_Handler
                0x00000000000001dc       0x50 gcc/startup_efm32gg.o
                0x00000000000001dc                Reset_Handler
 .text._main    0x000000000000022c        0xc gcc/startup_efm32gg.o
                0x000000000000022c                _main
 .text.Default_Handler
                0x0000000000000238        0x6 gcc/startup_efm32gg.o
                0x0000000000000238                TIMER2_IRQHandler
                0x0000000000000238                DebugMon_Handler
                0x0000000000000238                USART0_TX_IRQHandler
                0x0000000000000238                I2C0_IRQHandler
                0x0000000000000238                HardFault_Handler
                0x0000000000000238                LEUART1_IRQHandler
                0x0000000000000238                SysTick_Handler
                0x0000000000000238                USART1_RX_IRQHandler
                0x0000000000000238                PendSV_Handler
                0x0000000000000238                NMI_Handler
                0x0000000000000238                I2C1_IRQHandler
                0x0000000000000238                TIMER3_IRQHandler
                0x0000000000000238                USART1_TX_IRQHandler
                0x0000000000000238                MSC_IRQHandler
                0x0000000000000238                ADC0_IRQHandler
                0x0000000000000238                UsageFault_Handler
                0x0000000000000238                LEUART0_IRQHandler
                0x0000000000000238                GPIO_EVEN_IRQHandler
                0x0000000000000238                UART0_TX_IRQHandler
                0x0000000000000238                UART1_TX_IRQHandler
                0x0000000000000238                RTC_IRQHandler
                0x0000000000000238                TIMER0_IRQHandler
                0x0000000000000238                LCD_IRQHandler
                0x0000000000000238                PCNT2_IRQHandler
                0x0000000000000238                UART0_RX_IRQHandler
                0x0000000000000238                LETIMER0_IRQHandler
                0x0000000000000238                TIMER1_IRQHandler
                0x0000000000000238                USART2_RX_IRQHandler
                0x0000000000000238                Default_Handler
                0x0000000000000238                EMU_IRQHandler
                0x0000000000000238                PCNT0_IRQHandler
                0x0000000000000238                USB_IRQHandler
                0x0000000000000238                BURTC_IRQHandler
                0x0000000000000238                PCNT1_IRQHandler
                0x0000000000000238                ACMP0_IRQHandler
                0x0000000000000238                USART0_RX_IRQHandler
                0x0000000000000238                MemManage_Handler
                0x0000000000000238                SVC_Handler
                0x0000000000000238                DAC0_IRQHandler
                0x0000000000000238                UART1_RX_IRQHandler
                0x0000000000000238                CMU_IRQHandler
                0x0000000000000238                EBI_IRQHandler
                0x0000000000000238                LESENSE_IRQHandler
                0x0000000000000238                GPIO_ODD_IRQHandler
                0x0000000000000238                AES_IRQHandler
                0x0000000000000238                VCMP_IRQHandler
                0x0000000000000238                DMA_IRQHandler
                0x0000000000000238                BusFault_Handler
                0x0000000000000238                USART2_TX_IRQHandler
 *fill*         0x000000000000023e        0x2 
 .text.GetProdRev
                0x0000000000000240       0x18 gcc/system_efm32gg.o
 .text.SystemCoreClockGet
                0x0000000000000258       0x34 gcc/system_efm32gg.o
                0x0000000000000258                SystemCoreClockGet
 .text.SystemHFClockGet
                0x000000000000028c      0x118 gcc/system_efm32gg.o
                0x000000000000028c                SystemHFClockGet
 .text.SystemInit
                0x00000000000003a4        0xc gcc/system_efm32gg.o
                0x00000000000003a4                SystemInit
 *(.init)
 *(.fini)
 *crtbegin.o(.ctors)
 *crtbegin?.o(.ctors)
 *(EXCLUDE_FILE(*crtend.o *crtend?.o) .ctors)
 *(SORT_BY_NAME(.ctors.*))
 *(.ctors)
 *crtbegin.o(.dtors)
 *crtbegin?.o(.dtors)
 *(EXCLUDE_FILE(*crtend.o *crtend?.o) .dtors)
 *(SORT_BY_NAME(.dtors.*))
 *(.dtors)
 *(.rodata*)
 *(.eh_frame*)

.glue_7         0x00000000000003b0        0x0
 .glue_7        0x00000000000003b0        0x0 linker stubs

.glue_7t        0x00000000000003b0        0x0
 .glue_7t       0x00000000000003b0        0x0 linker stubs

.vfp11_veneer   0x00000000000003b0        0x0
 .vfp11_veneer  0x00000000000003b0        0x0 linker stubs

.v4_bx          0x00000000000003b0        0x0
 .v4_bx         0x00000000000003b0        0x0 linker stubs

.iplt           0x00000000000003b0        0x0
 .iplt          0x00000000000003b0        0x0 gcc/main.o

.rel.dyn        0x00000000000003b0        0x0
 .rel.iplt      0x00000000000003b0        0x0 gcc/main.o

.ARM.extab
 *(.ARM.extab* .gnu.linkonce.armextab.*)
                0x00000000000003b0                __exidx_start = .

.ARM.exidx
 *(.ARM.exidx* .gnu.linkonce.armexidx.*)
                0x00000000000003b0                __exidx_end = .
                0x00000000000003b0                __etext = .

.data           0x0000000020000000        0x8 load address 0x00000000000003b0
                0x0000000020000000                __data_start__ = .
 *(vtable)
 *(.data*)
 .data.SystemHFXOClock
                0x0000000020000000        0x4 gcc/system_efm32gg.o
 .data.SystemLFXOClock
                0x0000000020000004        0x4 gcc/system_efm32gg.o
                0x0000000020000008                . = ALIGN (0x4)
 *(.ram)
                0x0000000020000008                . = ALIGN (0x4)
                [!provide]                        PROVIDE (__preinit_array_start = .)
 *(.preinit_array)
                [!provide]                        PROVIDE (__preinit_array_end = .)
                0x0000000020000008                . = ALIGN (0x4)
                [!provide]                        PROVIDE (__init_array_start = .)
 *(SORT_BY_NAME(.init_array.*))
 *(.init_array)
                [!provide]                        PROVIDE (__init_array_end = .)
                0x0000000020000008                . = ALIGN (0x4)
                [!provide]                        PROVIDE (__fini_array_start = .)
 *(SORT_BY_NAME(.fini_array.*))
 *(.fini_array)
                [!provide]                        PROVIDE (__fini_array_end = .)
 *(.jcr*)
                0x0000000020000008                . = ALIGN (0x4)
                0x0000000020000008                __data_end__ = .

.igot.plt       0x0000000020000008        0x0 load address 0x00000000000003b8
 .igot.plt      0x0000000020000008        0x0 gcc/main.o

.bss            0x0000000020000008        0x4 load address 0x00000000000003b8
                0x0000000020000008                . = ALIGN (0x4)
                0x0000000020000008                __bss_start__ = .
 *(.bss*)
 .bss.SystemCoreClock
                0x0000000020000008        0x4 gcc/system_efm32gg.o
                0x0000000020000008                SystemCoreClock
 *(COMMON)
                0x000000002000000c                . = ALIGN (0x4)
                0x000000002000000c                __bss_end__ = .

.heap           0x0000000020000010      0xc00
                0x0000000020000010                __HeapBase = .
                0x0000000020000010                __end__ = .
                0x0000000020000010                end = __end__
                0x0000000020000010                _end = __end__
 *(.heap*)
 .heap          0x0000000020000010      0xc00 gcc/startup_efm32gg.o
                0x0000000020000c10                __HeapLimit = .

.stack_dummy    0x0000000020000c10      0x400
 *(.stack*)
 .stack         0x0000000020000c10      0x400 gcc/startup_efm32gg.o
                0x0000000020020000                __StackTop = (ORIGIN (RAM) + LENGTH (RAM))
                0x000000002001fc00                __StackLimit = (__StackTop - SIZEOF (.stack_dummy))
                [!provide]                        PROVIDE (__stack = __StackTop)
                0x0000000000000001                ASSERT ((__StackLimit >= __HeapLimit), region RAM overflowed with stack)
                0x0000000000000001                ASSERT ((LENGTH (FLASH) >= (__etext + SIZEOF (.data))), FLASH memory overflowed !)
OUTPUT(gcc/blink1.axf elf32-littlearm)
LOAD linker stubs

.debug_info     0x0000000000000000      0xd3a
 .debug_info    0x0000000000000000      0x655 gcc/main.o
 .debug_info    0x0000000000000655      0x1e1 gcc/startup_efm32gg.o
 .debug_info    0x0000000000000836      0x504 gcc/system_efm32gg.o

.debug_abbrev   0x0000000000000000      0x3d0
 .debug_abbrev  0x0000000000000000      0x150 gcc/main.o
 .debug_abbrev  0x0000000000000150       0xfb gcc/startup_efm32gg.o
 .debug_abbrev  0x000000000000024b      0x185 gcc/system_efm32gg.o

.debug_aranges  0x0000000000000000       0xd8
 .debug_aranges
                0x0000000000000000       0x30 gcc/main.o
 .debug_aranges
                0x0000000000000030       0x38 gcc/startup_efm32gg.o
 .debug_aranges
                0x0000000000000068       0x70 gcc/system_efm32gg.o

.debug_ranges   0x0000000000000000       0xa8
 .debug_ranges  0x0000000000000000       0x20 gcc/main.o
 .debug_ranges  0x0000000000000020       0x28 gcc/startup_efm32gg.o
 .debug_ranges  0x0000000000000048       0x60 gcc/system_efm32gg.o

.debug_line     0x0000000000000000      0x706
 .debug_line    0x0000000000000000      0x28d gcc/main.o
 .debug_line    0x000000000000028d      0x16e gcc/startup_efm32gg.o
 .debug_line    0x00000000000003fb      0x30b gcc/system_efm32gg.o

.debug_str      0x0000000000000000      0x554
 .debug_str     0x0000000000000000      0x31b gcc/main.o
                                        0x371 (size before relaxing)
 .debug_str     0x000000000000031b       0xb6 gcc/startup_efm32gg.o
                                        0x1f8 (size before relaxing)
 .debug_str     0x00000000000003d1      0x183 gcc/system_efm32gg.o
                                        0x400 (size before relaxing)

.comment        0x0000000000000000       0x49
 .comment       0x0000000000000000       0x49 gcc/main.o
                                         0x4a (size before relaxing)
 .comment       0x0000000000000049       0x4a gcc/startup_efm32gg.o
 .comment       0x0000000000000049       0x4a gcc/system_efm32gg.o

.ARM.attributes
                0x0000000000000000       0x2d
 .ARM.attributes
                0x0000000000000000       0x2d gcc/main.o
 .ARM.attributes
                0x000000000000002d       0x2d gcc/startup_efm32gg.o
 .ARM.attributes
                0x000000000000005a       0x2d gcc/system_efm32gg.o

.debug_frame    0x0000000000000000      0x270
 .debug_frame   0x0000000000000000       0x78 gcc/main.o
 .debug_frame   0x0000000000000078       0x78 gcc/startup_efm32gg.o
 .debug_frame   0x00000000000000f0      0x180 gcc/system_efm32gg.o
