Archive member included to satisfy reference by file (symbol)

/home/laranja/gcc-arm-none-eabi-10.3-2021.10/bin/../lib/gcc/arm-none-eabi/10.3.1/../../../../arm-none-eabi/lib/thumb/v7-m/nofp/libg_nano.a(lib_a-abort.o)
                              gcc/syscalls.o (abort)
/home/laranja/gcc-arm-none-eabi-10.3-2021.10/bin/../lib/gcc/arm-none-eabi/10.3.1/../../../../arm-none-eabi/lib/thumb/v7-m/nofp/libg_nano.a(lib_a-memset.o)
                              gcc/lcd.o (memset)
/home/laranja/gcc-arm-none-eabi-10.3-2021.10/bin/../lib/gcc/arm-none-eabi/10.3.1/../../../../arm-none-eabi/lib/thumb/v7-m/nofp/libg_nano.a(lib_a-reent.o)
                              gcc/syscalls.o (errno)
/home/laranja/gcc-arm-none-eabi-10.3-2021.10/bin/../lib/gcc/arm-none-eabi/10.3.1/../../../../arm-none-eabi/lib/thumb/v7-m/nofp/libg_nano.a(lib_a-signal.o)
                              /home/laranja/gcc-arm-none-eabi-10.3-2021.10/bin/../lib/gcc/arm-none-eabi/10.3.1/../../../../arm-none-eabi/lib/thumb/v7-m/nofp/libg_nano.a(lib_a-abort.o) (raise)
/home/laranja/gcc-arm-none-eabi-10.3-2021.10/bin/../lib/gcc/arm-none-eabi/10.3.1/../../../../arm-none-eabi/lib/thumb/v7-m/nofp/libg_nano.a(lib_a-signalr.o)
                              /home/laranja/gcc-arm-none-eabi-10.3-2021.10/bin/../lib/gcc/arm-none-eabi/10.3.1/../../../../arm-none-eabi/lib/thumb/v7-m/nofp/libg_nano.a(lib_a-signal.o) (_kill_r)
/home/laranja/gcc-arm-none-eabi-10.3-2021.10/bin/../lib/gcc/arm-none-eabi/10.3.1/../../../../arm-none-eabi/lib/thumb/v7-m/nofp/libg_nano.a(lib_a-impure.o)
                              /home/laranja/gcc-arm-none-eabi-10.3-2021.10/bin/../lib/gcc/arm-none-eabi/10.3.1/../../../../arm-none-eabi/lib/thumb/v7-m/nofp/libg_nano.a(lib_a-reent.o) (_impure_ptr)
/home/laranja/gcc-arm-none-eabi-10.3-2021.10/bin/../lib/gcc/arm-none-eabi/10.3.1/../../../../arm-none-eabi/lib/thumb/v7-m/nofp/libg_nano.a(lib_a-nano-freer.o)
                              /home/laranja/gcc-arm-none-eabi-10.3-2021.10/bin/../lib/gcc/arm-none-eabi/10.3.1/../../../../arm-none-eabi/lib/thumb/v7-m/nofp/libg_nano.a(lib_a-reent.o) (_free_r)
/home/laranja/gcc-arm-none-eabi-10.3-2021.10/bin/../lib/gcc/arm-none-eabi/10.3.1/../../../../arm-none-eabi/lib/thumb/v7-m/nofp/libg_nano.a(lib_a-nano-mallocr.o)
                              /home/laranja/gcc-arm-none-eabi-10.3-2021.10/bin/../lib/gcc/arm-none-eabi/10.3.1/../../../../arm-none-eabi/lib/thumb/v7-m/nofp/libg_nano.a(lib_a-signal.o) (_malloc_r)
/home/laranja/gcc-arm-none-eabi-10.3-2021.10/bin/../lib/gcc/arm-none-eabi/10.3.1/../../../../arm-none-eabi/lib/thumb/v7-m/nofp/libg_nano.a(lib_a-sbrkr.o)
                              /home/laranja/gcc-arm-none-eabi-10.3-2021.10/bin/../lib/gcc/arm-none-eabi/10.3.1/../../../../arm-none-eabi/lib/thumb/v7-m/nofp/libg_nano.a(lib_a-nano-mallocr.o) (_sbrk_r)
/home/laranja/gcc-arm-none-eabi-10.3-2021.10/bin/../lib/gcc/arm-none-eabi/10.3.1/../../../../arm-none-eabi/lib/thumb/v7-m/nofp/libg_nano.a(lib_a-mlock.o)
                              /home/laranja/gcc-arm-none-eabi-10.3-2021.10/bin/../lib/gcc/arm-none-eabi/10.3.1/../../../../arm-none-eabi/lib/thumb/v7-m/nofp/libg_nano.a(lib_a-nano-freer.o) (__malloc_lock)
/home/laranja/gcc-arm-none-eabi-10.3-2021.10/bin/../lib/gcc/arm-none-eabi/10.3.1/../../../../arm-none-eabi/lib/thumb/v7-m/nofp/libg_nano.a(lib_a-lock.o)
                              /home/laranja/gcc-arm-none-eabi-10.3-2021.10/bin/../lib/gcc/arm-none-eabi/10.3.1/../../../../arm-none-eabi/lib/thumb/v7-m/nofp/libg_nano.a(lib_a-mlock.o) (__retarget_lock_acquire_recursive)

Discarded input sections

 .text          0x0000000000000000        0x0 gcc/adc.o
 .data          0x0000000000000000        0x0 gcc/adc.o
 .bss           0x0000000000000000        0x0 gcc/adc.o
 .rodata.default_singlectrl
                0x0000000000000000       0x54 gcc/adc.o
 .bss.singlectrl
                0x0000000000000000       0x54 gcc/adc.o
 .bss.adc_cal   0x0000000000000000        0x4 gcc/adc.o
 .bss.adc_bias  0x0000000000000000        0x4 gcc/adc.o
 .bss.cal_gain_1v25
                0x0000000000000000        0x4 gcc/adc.o
 .bss.cal_offset_1v25
                0x0000000000000000        0x4 gcc/adc.o
 .bss.cal_gain_2v5
                0x0000000000000000        0x4 gcc/adc.o
 .bss.cal_offset_2v5
                0x0000000000000000        0x4 gcc/adc.o
 .bss.cal_gain_vdd
                0x0000000000000000        0x4 gcc/adc.o
 .bss.cal_offset_vdd
                0x0000000000000000        0x4 gcc/adc.o
 .bss.cal_gain_5v
                0x0000000000000000        0x4 gcc/adc.o
 .bss.cal_offset_5v
                0x0000000000000000        0x4 gcc/adc.o
 .bss.cal_gain_2xvdd
                0x0000000000000000        0x4 gcc/adc.o
 .bss.cal_offset_2xvdd
                0x0000000000000000        0x4 gcc/adc.o
 .text.GetCalibrationValues
                0x0000000000000000       0xe0 gcc/adc.o
 .text.ADC_Init
                0x0000000000000000      0x11c gcc/adc.o
 .text.ADC_ConfigChannel
                0x0000000000000000       0xd4 gcc/adc.o
 .text.ADC_Read
                0x0000000000000000       0x1e gcc/adc.o
 .text.ADC_StartReading
                0x0000000000000000       0x58 gcc/adc.o
 .text.ADC_GetReading
                0x0000000000000000       0x38 gcc/adc.o
 .text          0x0000000000000000        0x0 gcc/buffer.o
 .data          0x0000000000000000        0x0 gcc/buffer.o
 .bss           0x0000000000000000        0x0 gcc/buffer.o
 .text.buffer_clear
                0x0000000000000000       0x2a gcc/buffer.o
 .text          0x0000000000000000        0x0 gcc/clock_efm32gg2.o
 .data          0x0000000000000000        0x0 gcc/clock_efm32gg2.o
 .bss           0x0000000000000000        0x0 gcc/clock_efm32gg2.o
 .text.SystemCoreClockUpdate
                0x0000000000000000        0xc gcc/clock_efm32gg2.o
 .text.nearestpower2exp
                0x0000000000000000       0x6c gcc/clock_efm32gg2.o
 .text.ClockProcessPreChange
                0x0000000000000000       0x6c gcc/clock_efm32gg2.o
 .text.ClockProcessPostChange
                0x0000000000000000       0x6c gcc/clock_efm32gg2.o
 .text.ClockSetCoreClock
                0x0000000000000000      0x304 gcc/clock_efm32gg2.o
 .text.ClockConfigureSystemForClockFrequency
                0x0000000000000000       0x98 gcc/clock_efm32gg2.o
 .text.ClockSetPrescalers
                0x0000000000000000      0x11c gcc/clock_efm32gg2.o
 .text.ClockSetLFCLKA
                0x0000000000000000      0x12c gcc/clock_efm32gg2.o
 .text.ClockSetLFCLKB
                0x0000000000000000      0x12c gcc/clock_efm32gg2.o
 .text.ClockGetCoreClockFrequency
                0x0000000000000000       0x18 gcc/clock_efm32gg2.o
 .text          0x0000000000000000        0x0 gcc/gpio.o
 .data          0x0000000000000000        0x0 gcc/gpio.o
 .bss           0x0000000000000000        0x0 gcc/gpio.o
 .rodata.GPIOA  0x0000000000000000        0x4 gcc/gpio.o
 .rodata.GPIOB  0x0000000000000000        0x4 gcc/gpio.o
 .rodata.GPIOC  0x0000000000000000        0x4 gcc/gpio.o
 .rodata.GPIOD  0x0000000000000000        0x4 gcc/gpio.o
 .rodata.GPIOE  0x0000000000000000        0x4 gcc/gpio.o
 .rodata.GPIOF  0x0000000000000000        0x4 gcc/gpio.o
 .rodata.GPIO_MODE_DISABLE
                0x0000000000000000        0x4 gcc/gpio.o
 .rodata.GPIO_MODE_INPUT
                0x0000000000000000        0x4 gcc/gpio.o
 .rodata.GPIO_MODE_INPUTPULL
                0x0000000000000000        0x4 gcc/gpio.o
 .rodata.GPIO_MODE_INPUTPULLFILTER
                0x0000000000000000        0x4 gcc/gpio.o
 .rodata.GPIO_MODE_PUSHPULL
                0x0000000000000000        0x4 gcc/gpio.o
 .rodata.GPIO_MODE_PUSHPULLDRIVE
                0x0000000000000000        0x4 gcc/gpio.o
 .rodata.GPIO_MODE_WIREDOR
                0x0000000000000000        0x4 gcc/gpio.o
 .rodata.GPIO_MODE_WIREDORPULLDOWN
                0x0000000000000000        0x4 gcc/gpio.o
 .rodata.GPIO_MODE_WIREDAND
                0x0000000000000000        0x4 gcc/gpio.o
 .rodata.GPIO_MODE_WIREDANDFILTER
                0x0000000000000000        0x4 gcc/gpio.o
 .rodata.GPIO_MODE_WIREDANDPULLUP
                0x0000000000000000        0x4 gcc/gpio.o
 .rodata.GPIO_MODE_WIREDANDPULLUPFILTER
                0x0000000000000000        0x4 gcc/gpio.o
 .rodata.GPIO_MODE_WIREDANDDRIVE
                0x0000000000000000        0x4 gcc/gpio.o
 .rodata.GPIO_MODE_WIREDANDDRIVEFILTER
                0x0000000000000000        0x4 gcc/gpio.o
 .rodata.GPIO_MODE_WIREDANDDRIVEPULLUP
                0x0000000000000000        0x4 gcc/gpio.o
 .rodata.GPIO_MODE_WIREDANDDRIVEPULLUPFILTER
                0x0000000000000000        0x4 gcc/gpio.o
 .text.GPIO_ConfigPins
                0x0000000000000000       0xb0 gcc/gpio.o
 .text.GPIO_Init
                0x0000000000000000       0x48 gcc/gpio.o
 .debug_info    0x0000000000000000      0x680 gcc/gpio.o
 .debug_abbrev  0x0000000000000000      0x12d gcc/gpio.o
 .debug_aranges
                0x0000000000000000       0x28 gcc/gpio.o
 .debug_ranges  0x0000000000000000       0x18 gcc/gpio.o
 .debug_line    0x0000000000000000      0x205 gcc/gpio.o
 .debug_str     0x0000000000000000      0x4db gcc/gpio.o
 .comment       0x0000000000000000       0x4a gcc/gpio.o
 .debug_frame   0x0000000000000000       0x5c gcc/gpio.o
 .ARM.attributes
                0x0000000000000000       0x2d gcc/gpio.o
 .text          0x0000000000000000        0x0 gcc/lcd.o
 .data          0x0000000000000000        0x0 gcc/lcd.o
 .bss           0x0000000000000000        0x0 gcc/lcd.o
 .bss.lcdclock_set
                0x0000000000000000        0x1 gcc/lcd.o
 .rodata.segments14forchar
                0x0000000000000000       0xc0 gcc/lcd.o
 .rodata.segments7forchar
                0x0000000000000000       0x60 gcc/lcd.o
 .rodata.tablcd
                0x0000000000000000      0x1c2 gcc/lcd.o
 .rodata.seg_encoding
                0x0000000000000000       0xa0 gcc/lcd.o
 .rodata.com_encoding
                0x0000000000000000        0x8 gcc/lcd.o
 .rodata.tablcdspecial
                0x0000000000000000       0x44 gcc/lcd.o
 .rodata.tablcdclear
                0x0000000000000000      0x3c0 gcc/lcd.o
 .rodata.segdatalow
                0x0000000000000000       0x20 gcc/lcd.o
 .rodata.segdatahigh
                0x0000000000000000       0x20 gcc/lcd.o
 .text.SetLFAClock
                0x0000000000000000      0x1c0 gcc/lcd.o
 .text.LCD_SetClock
                0x0000000000000000       0x64 gcc/lcd.o
 .text.LCD_Init
                0x0000000000000000       0x1a gcc/lcd.o
 .text.LCD_Config
                0x0000000000000000      0x12c gcc/lcd.o
 .text.LCD_WriteChar
                0x0000000000000000      0x23c gcc/lcd.o
 .text.LCD_WriteAlphanumericDisplay
                0x0000000000000000       0x4e gcc/lcd.o
 .text.LCD_WriteNumericDisplay
                0x0000000000000000       0x4e gcc/lcd.o
 .text.LCD_WriteString
                0x0000000000000000       0x4e gcc/lcd.o
 .text.LCD_ClearAll
                0x0000000000000000       0x60 gcc/lcd.o
 .text.LCD_SetAll
                0x0000000000000000       0x64 gcc/lcd.o
 .text.ln2      0x0000000000000000       0x32 gcc/lcd.o
 .text.LCD_SetVoltage
                0x0000000000000000       0xbc gcc/lcd.o
 .text.LCD_SetContrast
                0x0000000000000000       0x48 gcc/lcd.o
 .text.LCD_WriteSegmentMask
                0x0000000000000000       0x9c gcc/lcd.o
 .text.LCD_WriteSegment2
                0x0000000000000000       0x48 gcc/lcd.o
 .text.LCD_WriteSegment
                0x0000000000000000       0x3c gcc/lcd.o
 .text.LCD_WriteSpecial
                0x0000000000000000      0x25c gcc/lcd.o
 .text.LCD_Freeze
                0x0000000000000000       0x1c gcc/lcd.o
 .text.LCD_Unfreeze
                0x0000000000000000       0x1c gcc/lcd.o
 .debug_info    0x0000000000000000      0xe28 gcc/lcd.o
 .debug_abbrev  0x0000000000000000      0x1f0 gcc/lcd.o
 .debug_aranges
                0x0000000000000000       0xb0 gcc/lcd.o
 .debug_ranges  0x0000000000000000       0xa0 gcc/lcd.o
 .debug_line    0x0000000000000000      0x94f gcc/lcd.o
 .debug_str     0x0000000000000000      0x726 gcc/lcd.o
 .comment       0x0000000000000000       0x4a gcc/lcd.o
 .debug_frame   0x0000000000000000      0x2d8 gcc/lcd.o
 .ARM.attributes
                0x0000000000000000       0x2d gcc/lcd.o
 .text          0x0000000000000000        0x0 gcc/led.o
 .data          0x0000000000000000        0x0 gcc/led.o
 .bss           0x0000000000000000        0x0 gcc/led.o
 .rodata.GPIOE  0x0000000000000000        0x4 gcc/led.o
 .text.LED_Init
                0x0000000000000000       0x7c gcc/led.o
 .text.LED_On   0x0000000000000000       0x24 gcc/led.o
 .text.LED_Off  0x0000000000000000       0x24 gcc/led.o
 .text.LED_Toggle
                0x0000000000000000       0x24 gcc/led.o
 .text.LED_Write
                0x0000000000000000       0x2c gcc/led.o
 .debug_info    0x0000000000000000      0x50e gcc/led.o
 .debug_abbrev  0x0000000000000000      0x12d gcc/led.o
 .debug_aranges
                0x0000000000000000       0x40 gcc/led.o
 .debug_ranges  0x0000000000000000       0x30 gcc/led.o
 .debug_line    0x0000000000000000      0x1ff gcc/led.o
 .debug_str     0x0000000000000000      0x322 gcc/led.o
 .comment       0x0000000000000000       0x4a gcc/led.o
 .debug_frame   0x0000000000000000       0xd4 gcc/led.o
 .ARM.attributes
                0x0000000000000000       0x2d gcc/led.o
 .text          0x0000000000000000        0x0 gcc/main.o
 .data          0x0000000000000000        0x0 gcc/main.o
 .bss           0x0000000000000000        0x0 gcc/main.o
 .text          0x0000000000000000        0x0 gcc/pwm.o
 .data          0x0000000000000000        0x0 gcc/pwm.o
 .bss           0x0000000000000000        0x0 gcc/pwm.o
 .rodata.GPIOA  0x0000000000000000        0x4 gcc/pwm.o
 .rodata.GPIOB  0x0000000000000000        0x4 gcc/pwm.o
 .rodata.GPIOC  0x0000000000000000        0x4 gcc/pwm.o
 .rodata.GPIOD  0x0000000000000000        0x4 gcc/pwm.o
 .rodata.GPIOE  0x0000000000000000        0x4 gcc/pwm.o
 .rodata.GPIOF  0x0000000000000000        0x4 gcc/pwm.o
 .rodata.GPIO_MODE_DISABLE
                0x0000000000000000        0x4 gcc/pwm.o
 .rodata.GPIO_MODE_INPUT
                0x0000000000000000        0x4 gcc/pwm.o
 .rodata.GPIO_MODE_INPUTPULL
                0x0000000000000000        0x4 gcc/pwm.o
 .rodata.GPIO_MODE_INPUTPULLFILTER
                0x0000000000000000        0x4 gcc/pwm.o
 .rodata.GPIO_MODE_PUSHPULL
                0x0000000000000000        0x4 gcc/pwm.o
 .rodata.GPIO_MODE_PUSHPULLDRIVE
                0x0000000000000000        0x4 gcc/pwm.o
 .rodata.GPIO_MODE_WIREDOR
                0x0000000000000000        0x4 gcc/pwm.o
 .rodata.GPIO_MODE_WIREDORPULLDOWN
                0x0000000000000000        0x4 gcc/pwm.o
 .rodata.GPIO_MODE_WIREDAND
                0x0000000000000000        0x4 gcc/pwm.o
 .rodata.GPIO_MODE_WIREDANDFILTER
                0x0000000000000000        0x4 gcc/pwm.o
 .rodata.GPIO_MODE_WIREDANDPULLUP
                0x0000000000000000        0x4 gcc/pwm.o
 .rodata.GPIO_MODE_WIREDANDPULLUPFILTER
                0x0000000000000000        0x4 gcc/pwm.o
 .rodata.GPIO_MODE_WIREDANDDRIVE
                0x0000000000000000        0x4 gcc/pwm.o
 .rodata.GPIO_MODE_WIREDANDDRIVEFILTER
                0x0000000000000000        0x4 gcc/pwm.o
 .rodata.GPIO_MODE_WIREDANDDRIVEPULLUP
                0x0000000000000000        0x4 gcc/pwm.o
 .rodata.GPIO_MODE_WIREDANDDRIVEPULLUPFILTER
                0x0000000000000000        0x4 gcc/pwm.o
 .rodata.timerpins
                0x0000000000000000       0xb4 gcc/pwm.o
 .text.PWM_Start
                0x0000000000000000       0x18 gcc/pwm.o
 .text.PWM_Stop
                0x0000000000000000       0x18 gcc/pwm.o
 .text.Timer_ClockEnable
                0x0000000000000000       0x94 gcc/pwm.o
 .text.PWM_ConfigureOutputPin
                0x0000000000000000      0x13c gcc/pwm.o
 .text.PWM_Init
                0x0000000000000000      0x1f8 gcc/pwm.o
 .text.PWM_Read
                0x0000000000000000       0x26 gcc/pwm.o
 .text.finddivencoding
                0x0000000000000000       0x32 gcc/pwm.o
 .text.PWM_Config
                0x0000000000000000       0x46 gcc/pwm.o
 .text.PWM_Write
                0x0000000000000000       0x26 gcc/pwm.o
 .debug_info    0x0000000000000000      0xaaa gcc/pwm.o
 .debug_abbrev  0x0000000000000000      0x1d4 gcc/pwm.o
 .debug_aranges
                0x0000000000000000       0x60 gcc/pwm.o
 .debug_ranges  0x0000000000000000       0x50 gcc/pwm.o
 .debug_line    0x0000000000000000      0x41a gcc/pwm.o
 .debug_str     0x0000000000000000      0x602 gcc/pwm.o
 .comment       0x0000000000000000       0x4a gcc/pwm.o
 .debug_frame   0x0000000000000000      0x170 gcc/pwm.o
 .ARM.attributes
                0x0000000000000000       0x2d gcc/pwm.o
 .text          0x0000000000000000        0x0 gcc/startup_efm32gg.o
 .data          0x0000000000000000        0x0 gcc/startup_efm32gg.o
 .bss           0x0000000000000000        0x0 gcc/startup_efm32gg.o
 .text.SystemInit
                0x0000000000000000        0xc gcc/startup_efm32gg.o
 .text._main    0x0000000000000000        0xc gcc/startup_efm32gg.o
 .text          0x0000000000000000        0x0 gcc/syscalls.o
 .data          0x0000000000000000        0x0 gcc/syscalls.o
 .bss           0x0000000000000000        0x0 gcc/syscalls.o
 .text.GetStackPointer
                0x0000000000000000       0x14 gcc/syscalls.o
 .text.SerialWrite
                0x0000000000000000       0x24 gcc/syscalls.o
 .text.SerialRead
                0x0000000000000000       0x1c gcc/syscalls.o
 .text.SerialFlush
                0x0000000000000000       0x1c gcc/syscalls.o
 .data.ttyconfig
                0x0000000000000000        0x4 gcc/syscalls.o
 .text.tty_write
                0x0000000000000000       0x6c gcc/syscalls.o
 .text.tty_read_un
                0x0000000000000000       0x5c gcc/syscalls.o
 .text.tty_read_lb
                0x0000000000000000       0xcc gcc/syscalls.o
 .text._exit    0x0000000000000000        0xa gcc/syscalls.o
 .text._close   0x0000000000000000       0x16 gcc/syscalls.o
 .bss.__env     0x0000000000000000        0x4 gcc/syscalls.o
 .data.environ  0x0000000000000000        0x4 gcc/syscalls.o
 .text._execve  0x0000000000000000       0x24 gcc/syscalls.o
 .text._fork    0x0000000000000000       0x1c gcc/syscalls.o
 .text._fstat   0x0000000000000000       0x1e gcc/syscalls.o
 .text._getpid  0x0000000000000000        0xe gcc/syscalls.o
 .text._isatty  0x0000000000000000       0x14 gcc/syscalls.o
 .text._kill    0x0000000000000000       0x24 gcc/syscalls.o
 .text._link    0x0000000000000000       0x24 gcc/syscalls.o
 .text._lseek   0x0000000000000000       0x18 gcc/syscalls.o
 .text._open    0x0000000000000000       0x1a gcc/syscalls.o
 .text._read    0x0000000000000000       0x40 gcc/syscalls.o
 .bss.heap_end.0
                0x0000000000000000        0x4 gcc/syscalls.o
 .rodata        0x0000000000000000       0x1a gcc/syscalls.o
 .text._sbrk    0x0000000000000000       0x60 gcc/syscalls.o
 .text._stat    0x0000000000000000       0x1e gcc/syscalls.o
 .text._times   0x0000000000000000       0x16 gcc/syscalls.o
 .text._unlink  0x0000000000000000       0x20 gcc/syscalls.o
 .text._wait    0x0000000000000000       0x20 gcc/syscalls.o
 .text._write   0x0000000000000000       0x20 gcc/syscalls.o
 .text          0x0000000000000000        0x0 gcc/system_efm32gg.o
 .data          0x0000000000000000        0x0 gcc/system_efm32gg.o
 .bss           0x0000000000000000        0x0 gcc/system_efm32gg.o
 .text.SystemMaxCoreClockGet
                0x0000000000000000       0x14 gcc/system_efm32gg.o
 .text.SystemHFXOClockGet
                0x0000000000000000       0x14 gcc/system_efm32gg.o
 .text.SystemHFXOClockSet
                0x0000000000000000       0x30 gcc/system_efm32gg.o
 .text.SystemLFRCOClockGet
                0x0000000000000000       0x10 gcc/system_efm32gg.o
 .text.SystemULFRCOClockGet
                0x0000000000000000       0x10 gcc/system_efm32gg.o
 .text.SystemLFXOClockGet
                0x0000000000000000       0x14 gcc/system_efm32gg.o
 .text.SystemLFXOClockSet
                0x0000000000000000       0x30 gcc/system_efm32gg.o
 .text          0x0000000000000000        0x0 gcc/temperature.o
 .data          0x0000000000000000        0x0 gcc/temperature.o
 .bss           0x0000000000000000        0x0 gcc/temperature.o
 .bss.caltemp   0x0000000000000000        0x4 gcc/temperature.o
 .bss.caltempread
                0x0000000000000000        0x4 gcc/temperature.o
 .data.adcthu_num
                0x0000000000000000        0x4 gcc/temperature.o
 .data.adcthu_den
                0x0000000000000000        0x4 gcc/temperature.o
 .text.GetCalibrationValues
                0x0000000000000000       0x34 gcc/temperature.o
 .text.Temperature_Init
                0x0000000000000000       0x1c gcc/temperature.o
 .text.Temperature_GetRawReading
                0x0000000000000000       0x18 gcc/temperature.o
 .text.Temperature_GetUncalibratedValue
                0x0000000000000000       0x3c gcc/temperature.o
 .text.Temperature_GetCalibratedValue
                0x0000000000000000       0x48 gcc/temperature.o
 .debug_info    0x0000000000000000      0x2b2 gcc/temperature.o
 .debug_abbrev  0x0000000000000000       0xf3 gcc/temperature.o
 .debug_aranges
                0x0000000000000000       0x40 gcc/temperature.o
 .debug_ranges  0x0000000000000000       0x30 gcc/temperature.o
 .debug_line    0x0000000000000000      0x1fc gcc/temperature.o
 .debug_str     0x0000000000000000      0x2b4 gcc/temperature.o
 .comment       0x0000000000000000       0x4a gcc/temperature.o
 .debug_frame   0x0000000000000000       0xc0 gcc/temperature.o
 .ARM.attributes
                0x0000000000000000       0x2d gcc/temperature.o
 .text          0x0000000000000000        0x0 gcc/uart2.o
 .data          0x0000000000000000        0x0 gcc/uart2.o
 .bss           0x0000000000000000        0x0 gcc/uart2.o
 .rodata.BAUD   0x0000000000000000        0x4 gcc/uart2.o
 .rodata.GPIOE  0x0000000000000000        0x4 gcc/uart2.o
 .rodata.GPIOF  0x0000000000000000        0x4 gcc/uart2.o
 .bss.obuffarea1
                0x0000000000000000       0x74 gcc/uart2.o
 .text.UART_GetStatus
                0x0000000000000000       0x1a gcc/uart2.o
 .text.UART_SendChar
                0x0000000000000000       0xa4 gcc/uart2.o
 .text.UART_SendString
                0x0000000000000000       0x2e gcc/uart2.o
 .text.UART_GetCharNoWait
                0x0000000000000000       0x80 gcc/uart2.o
 .text.UART_GetChar
                0x0000000000000000       0x7c gcc/uart2.o
 .text.UART_EnableInterrupts
                0x0000000000000000       0x40 gcc/uart2.o
 .text.UART_DisableInterrupts
                0x0000000000000000       0x40 gcc/uart2.o
 .text.UART_PutCharPolling
                0x0000000000000000       0x2a gcc/uart2.o
 .text.UART_Flush
                0x0000000000000000       0xd4 gcc/uart2.o
 .text          0x0000000000000000        0x0 /home/laranja/gcc-arm-none-eabi-10.3-2021.10/bin/../lib/gcc/arm-none-eabi/10.3.1/../../../../arm-none-eabi/lib/thumb/v7-m/nofp/libg_nano.a(lib_a-abort.o)
 .data          0x0000000000000000        0x0 /home/laranja/gcc-arm-none-eabi-10.3-2021.10/bin/../lib/gcc/arm-none-eabi/10.3.1/../../../../arm-none-eabi/lib/thumb/v7-m/nofp/libg_nano.a(lib_a-abort.o)
 .bss           0x0000000000000000        0x0 /home/laranja/gcc-arm-none-eabi-10.3-2021.10/bin/../lib/gcc/arm-none-eabi/10.3.1/../../../../arm-none-eabi/lib/thumb/v7-m/nofp/libg_nano.a(lib_a-abort.o)
 .text.abort    0x0000000000000000        0xe /home/laranja/gcc-arm-none-eabi-10.3-2021.10/bin/../lib/gcc/arm-none-eabi/10.3.1/../../../../arm-none-eabi/lib/thumb/v7-m/nofp/libg_nano.a(lib_a-abort.o)
 .debug_frame   0x0000000000000000       0x28 /home/laranja/gcc-arm-none-eabi-10.3-2021.10/bin/../lib/gcc/arm-none-eabi/10.3.1/../../../../arm-none-eabi/lib/thumb/v7-m/nofp/libg_nano.a(lib_a-abort.o)
 .ARM.attributes
                0x0000000000000000       0x2d /home/laranja/gcc-arm-none-eabi-10.3-2021.10/bin/../lib/gcc/arm-none-eabi/10.3.1/../../../../arm-none-eabi/lib/thumb/v7-m/nofp/libg_nano.a(lib_a-abort.o)
 .text          0x0000000000000000        0x0 /home/laranja/gcc-arm-none-eabi-10.3-2021.10/bin/../lib/gcc/arm-none-eabi/10.3.1/../../../../arm-none-eabi/lib/thumb/v7-m/nofp/libg_nano.a(lib_a-memset.o)
 .data          0x0000000000000000        0x0 /home/laranja/gcc-arm-none-eabi-10.3-2021.10/bin/../lib/gcc/arm-none-eabi/10.3.1/../../../../arm-none-eabi/lib/thumb/v7-m/nofp/libg_nano.a(lib_a-memset.o)
 .bss           0x0000000000000000        0x0 /home/laranja/gcc-arm-none-eabi-10.3-2021.10/bin/../lib/gcc/arm-none-eabi/10.3.1/../../../../arm-none-eabi/lib/thumb/v7-m/nofp/libg_nano.a(lib_a-memset.o)
 .text.memset   0x0000000000000000       0x10 /home/laranja/gcc-arm-none-eabi-10.3-2021.10/bin/../lib/gcc/arm-none-eabi/10.3.1/../../../../arm-none-eabi/lib/thumb/v7-m/nofp/libg_nano.a(lib_a-memset.o)
 .debug_frame   0x0000000000000000       0x20 /home/laranja/gcc-arm-none-eabi-10.3-2021.10/bin/../lib/gcc/arm-none-eabi/10.3.1/../../../../arm-none-eabi/lib/thumb/v7-m/nofp/libg_nano.a(lib_a-memset.o)
 .ARM.attributes
                0x0000000000000000       0x2d /home/laranja/gcc-arm-none-eabi-10.3-2021.10/bin/../lib/gcc/arm-none-eabi/10.3.1/../../../../arm-none-eabi/lib/thumb/v7-m/nofp/libg_nano.a(lib_a-memset.o)
 .text          0x0000000000000000        0x0 /home/laranja/gcc-arm-none-eabi-10.3-2021.10/bin/../lib/gcc/arm-none-eabi/10.3.1/../../../../arm-none-eabi/lib/thumb/v7-m/nofp/libg_nano.a(lib_a-reent.o)
 .data          0x0000000000000000        0x0 /home/laranja/gcc-arm-none-eabi-10.3-2021.10/bin/../lib/gcc/arm-none-eabi/10.3.1/../../../../arm-none-eabi/lib/thumb/v7-m/nofp/libg_nano.a(lib_a-reent.o)
 .bss           0x0000000000000000        0x0 /home/laranja/gcc-arm-none-eabi-10.3-2021.10/bin/../lib/gcc/arm-none-eabi/10.3.1/../../../../arm-none-eabi/lib/thumb/v7-m/nofp/libg_nano.a(lib_a-reent.o)
 .text.cleanup_glue
                0x0000000000000000       0x1a /home/laranja/gcc-arm-none-eabi-10.3-2021.10/bin/../lib/gcc/arm-none-eabi/10.3.1/../../../../arm-none-eabi/lib/thumb/v7-m/nofp/libg_nano.a(lib_a-reent.o)
 .text._reclaim_reent
                0x0000000000000000       0xb8 /home/laranja/gcc-arm-none-eabi-10.3-2021.10/bin/../lib/gcc/arm-none-eabi/10.3.1/../../../../arm-none-eabi/lib/thumb/v7-m/nofp/libg_nano.a(lib_a-reent.o)
 .bss.errno     0x0000000000000000        0x4 /home/laranja/gcc-arm-none-eabi-10.3-2021.10/bin/../lib/gcc/arm-none-eabi/10.3.1/../../../../arm-none-eabi/lib/thumb/v7-m/nofp/libg_nano.a(lib_a-reent.o)
 .debug_frame   0x0000000000000000       0x5c /home/laranja/gcc-arm-none-eabi-10.3-2021.10/bin/../lib/gcc/arm-none-eabi/10.3.1/../../../../arm-none-eabi/lib/thumb/v7-m/nofp/libg_nano.a(lib_a-reent.o)
 .ARM.attributes
                0x0000000000000000       0x2d /home/laranja/gcc-arm-none-eabi-10.3-2021.10/bin/../lib/gcc/arm-none-eabi/10.3.1/../../../../arm-none-eabi/lib/thumb/v7-m/nofp/libg_nano.a(lib_a-reent.o)
 .text          0x0000000000000000        0x0 /home/laranja/gcc-arm-none-eabi-10.3-2021.10/bin/../lib/gcc/arm-none-eabi/10.3.1/../../../../arm-none-eabi/lib/thumb/v7-m/nofp/libg_nano.a(lib_a-signal.o)
 .data          0x0000000000000000        0x0 /home/laranja/gcc-arm-none-eabi-10.3-2021.10/bin/../lib/gcc/arm-none-eabi/10.3.1/../../../../arm-none-eabi/lib/thumb/v7-m/nofp/libg_nano.a(lib_a-signal.o)
 .bss           0x0000000000000000        0x0 /home/laranja/gcc-arm-none-eabi-10.3-2021.10/bin/../lib/gcc/arm-none-eabi/10.3.1/../../../../arm-none-eabi/lib/thumb/v7-m/nofp/libg_nano.a(lib_a-signal.o)
 .text._init_signal_r
                0x0000000000000000       0x28 /home/laranja/gcc-arm-none-eabi-10.3-2021.10/bin/../lib/gcc/arm-none-eabi/10.3.1/../../../../arm-none-eabi/lib/thumb/v7-m/nofp/libg_nano.a(lib_a-signal.o)
 .text._signal_r
                0x0000000000000000       0x30 /home/laranja/gcc-arm-none-eabi-10.3-2021.10/bin/../lib/gcc/arm-none-eabi/10.3.1/../../../../arm-none-eabi/lib/thumb/v7-m/nofp/libg_nano.a(lib_a-signal.o)
 .text._raise_r
                0x0000000000000000       0x50 /home/laranja/gcc-arm-none-eabi-10.3-2021.10/bin/../lib/gcc/arm-none-eabi/10.3.1/../../../../arm-none-eabi/lib/thumb/v7-m/nofp/libg_nano.a(lib_a-signal.o)
 .text.__sigtramp_r
                0x0000000000000000       0x48 /home/laranja/gcc-arm-none-eabi-10.3-2021.10/bin/../lib/gcc/arm-none-eabi/10.3.1/../../../../arm-none-eabi/lib/thumb/v7-m/nofp/libg_nano.a(lib_a-signal.o)
 .text.raise    0x0000000000000000       0x10 /home/laranja/gcc-arm-none-eabi-10.3-2021.10/bin/../lib/gcc/arm-none-eabi/10.3.1/../../../../arm-none-eabi/lib/thumb/v7-m/nofp/libg_nano.a(lib_a-signal.o)
 .text.signal   0x0000000000000000       0x10 /home/laranja/gcc-arm-none-eabi-10.3-2021.10/bin/../lib/gcc/arm-none-eabi/10.3.1/../../../../arm-none-eabi/lib/thumb/v7-m/nofp/libg_nano.a(lib_a-signal.o)
 .text._init_signal
                0x0000000000000000        0xc /home/laranja/gcc-arm-none-eabi-10.3-2021.10/bin/../lib/gcc/arm-none-eabi/10.3.1/../../../../arm-none-eabi/lib/thumb/v7-m/nofp/libg_nano.a(lib_a-signal.o)
 .text.__sigtramp
                0x0000000000000000       0x10 /home/laranja/gcc-arm-none-eabi-10.3-2021.10/bin/../lib/gcc/arm-none-eabi/10.3.1/../../../../arm-none-eabi/lib/thumb/v7-m/nofp/libg_nano.a(lib_a-signal.o)
 .debug_frame   0x0000000000000000       0xcc /home/laranja/gcc-arm-none-eabi-10.3-2021.10/bin/../lib/gcc/arm-none-eabi/10.3.1/../../../../arm-none-eabi/lib/thumb/v7-m/nofp/libg_nano.a(lib_a-signal.o)
 .ARM.attributes
                0x0000000000000000       0x2d /home/laranja/gcc-arm-none-eabi-10.3-2021.10/bin/../lib/gcc/arm-none-eabi/10.3.1/../../../../arm-none-eabi/lib/thumb/v7-m/nofp/libg_nano.a(lib_a-signal.o)
 .text          0x0000000000000000        0x0 /home/laranja/gcc-arm-none-eabi-10.3-2021.10/bin/../lib/gcc/arm-none-eabi/10.3.1/../../../../arm-none-eabi/lib/thumb/v7-m/nofp/libg_nano.a(lib_a-signalr.o)
 .data          0x0000000000000000        0x0 /home/laranja/gcc-arm-none-eabi-10.3-2021.10/bin/../lib/gcc/arm-none-eabi/10.3.1/../../../../arm-none-eabi/lib/thumb/v7-m/nofp/libg_nano.a(lib_a-signalr.o)
 .bss           0x0000000000000000        0x0 /home/laranja/gcc-arm-none-eabi-10.3-2021.10/bin/../lib/gcc/arm-none-eabi/10.3.1/../../../../arm-none-eabi/lib/thumb/v7-m/nofp/libg_nano.a(lib_a-signalr.o)
 .text._kill_r  0x0000000000000000       0x24 /home/laranja/gcc-arm-none-eabi-10.3-2021.10/bin/../lib/gcc/arm-none-eabi/10.3.1/../../../../arm-none-eabi/lib/thumb/v7-m/nofp/libg_nano.a(lib_a-signalr.o)
 .text._getpid_r
                0x0000000000000000        0x4 /home/laranja/gcc-arm-none-eabi-10.3-2021.10/bin/../lib/gcc/arm-none-eabi/10.3.1/../../../../arm-none-eabi/lib/thumb/v7-m/nofp/libg_nano.a(lib_a-signalr.o)
 .debug_frame   0x0000000000000000       0x3c /home/laranja/gcc-arm-none-eabi-10.3-2021.10/bin/../lib/gcc/arm-none-eabi/10.3.1/../../../../arm-none-eabi/lib/thumb/v7-m/nofp/libg_nano.a(lib_a-signalr.o)
 .ARM.attributes
                0x0000000000000000       0x2d /home/laranja/gcc-arm-none-eabi-10.3-2021.10/bin/../lib/gcc/arm-none-eabi/10.3.1/../../../../arm-none-eabi/lib/thumb/v7-m/nofp/libg_nano.a(lib_a-signalr.o)
 .text          0x0000000000000000        0x0 /home/laranja/gcc-arm-none-eabi-10.3-2021.10/bin/../lib/gcc/arm-none-eabi/10.3.1/../../../../arm-none-eabi/lib/thumb/v7-m/nofp/libg_nano.a(lib_a-impure.o)
 .data          0x0000000000000000        0x0 /home/laranja/gcc-arm-none-eabi-10.3-2021.10/bin/../lib/gcc/arm-none-eabi/10.3.1/../../../../arm-none-eabi/lib/thumb/v7-m/nofp/libg_nano.a(lib_a-impure.o)
 .bss           0x0000000000000000        0x0 /home/laranja/gcc-arm-none-eabi-10.3-2021.10/bin/../lib/gcc/arm-none-eabi/10.3.1/../../../../arm-none-eabi/lib/thumb/v7-m/nofp/libg_nano.a(lib_a-impure.o)
 .data._impure_ptr
                0x0000000000000000        0x4 /home/laranja/gcc-arm-none-eabi-10.3-2021.10/bin/../lib/gcc/arm-none-eabi/10.3.1/../../../../arm-none-eabi/lib/thumb/v7-m/nofp/libg_nano.a(lib_a-impure.o)
 .data.impure_data
                0x0000000000000000       0x60 /home/laranja/gcc-arm-none-eabi-10.3-2021.10/bin/../lib/gcc/arm-none-eabi/10.3.1/../../../../arm-none-eabi/lib/thumb/v7-m/nofp/libg_nano.a(lib_a-impure.o)
 .rodata._global_impure_ptr
                0x0000000000000000        0x4 /home/laranja/gcc-arm-none-eabi-10.3-2021.10/bin/../lib/gcc/arm-none-eabi/10.3.1/../../../../arm-none-eabi/lib/thumb/v7-m/nofp/libg_nano.a(lib_a-impure.o)
 .ARM.attributes
                0x0000000000000000       0x2d /home/laranja/gcc-arm-none-eabi-10.3-2021.10/bin/../lib/gcc/arm-none-eabi/10.3.1/../../../../arm-none-eabi/lib/thumb/v7-m/nofp/libg_nano.a(lib_a-impure.o)
 .text          0x0000000000000000        0x0 /home/laranja/gcc-arm-none-eabi-10.3-2021.10/bin/../lib/gcc/arm-none-eabi/10.3.1/../../../../arm-none-eabi/lib/thumb/v7-m/nofp/libg_nano.a(lib_a-nano-freer.o)
 .data          0x0000000000000000        0x0 /home/laranja/gcc-arm-none-eabi-10.3-2021.10/bin/../lib/gcc/arm-none-eabi/10.3.1/../../../../arm-none-eabi/lib/thumb/v7-m/nofp/libg_nano.a(lib_a-nano-freer.o)
 .bss           0x0000000000000000        0x0 /home/laranja/gcc-arm-none-eabi-10.3-2021.10/bin/../lib/gcc/arm-none-eabi/10.3.1/../../../../arm-none-eabi/lib/thumb/v7-m/nofp/libg_nano.a(lib_a-nano-freer.o)
 .text._free_r  0x0000000000000000       0x90 /home/laranja/gcc-arm-none-eabi-10.3-2021.10/bin/../lib/gcc/arm-none-eabi/10.3.1/../../../../arm-none-eabi/lib/thumb/v7-m/nofp/libg_nano.a(lib_a-nano-freer.o)
 .debug_frame   0x0000000000000000       0x38 /home/laranja/gcc-arm-none-eabi-10.3-2021.10/bin/../lib/gcc/arm-none-eabi/10.3.1/../../../../arm-none-eabi/lib/thumb/v7-m/nofp/libg_nano.a(lib_a-nano-freer.o)
 .ARM.attributes
                0x0000000000000000       0x2d /home/laranja/gcc-arm-none-eabi-10.3-2021.10/bin/../lib/gcc/arm-none-eabi/10.3.1/../../../../arm-none-eabi/lib/thumb/v7-m/nofp/libg_nano.a(lib_a-nano-freer.o)
 .text          0x0000000000000000        0x0 /home/laranja/gcc-arm-none-eabi-10.3-2021.10/bin/../lib/gcc/arm-none-eabi/10.3.1/../../../../arm-none-eabi/lib/thumb/v7-m/nofp/libg_nano.a(lib_a-nano-mallocr.o)
 .data          0x0000000000000000        0x0 /home/laranja/gcc-arm-none-eabi-10.3-2021.10/bin/../lib/gcc/arm-none-eabi/10.3.1/../../../../arm-none-eabi/lib/thumb/v7-m/nofp/libg_nano.a(lib_a-nano-mallocr.o)
 .bss           0x0000000000000000        0x0 /home/laranja/gcc-arm-none-eabi-10.3-2021.10/bin/../lib/gcc/arm-none-eabi/10.3.1/../../../../arm-none-eabi/lib/thumb/v7-m/nofp/libg_nano.a(lib_a-nano-mallocr.o)
 .text.sbrk_aligned
                0x0000000000000000       0x40 /home/laranja/gcc-arm-none-eabi-10.3-2021.10/bin/../lib/gcc/arm-none-eabi/10.3.1/../../../../arm-none-eabi/lib/thumb/v7-m/nofp/libg_nano.a(lib_a-nano-mallocr.o)
 .text._malloc_r
                0x0000000000000000       0xe8 /home/laranja/gcc-arm-none-eabi-10.3-2021.10/bin/../lib/gcc/arm-none-eabi/10.3.1/../../../../arm-none-eabi/lib/thumb/v7-m/nofp/libg_nano.a(lib_a-nano-mallocr.o)
 .bss.__malloc_free_list
                0x0000000000000000        0x4 /home/laranja/gcc-arm-none-eabi-10.3-2021.10/bin/../lib/gcc/arm-none-eabi/10.3.1/../../../../arm-none-eabi/lib/thumb/v7-m/nofp/libg_nano.a(lib_a-nano-mallocr.o)
 .bss.__malloc_sbrk_start
                0x0000000000000000        0x4 /home/laranja/gcc-arm-none-eabi-10.3-2021.10/bin/../lib/gcc/arm-none-eabi/10.3.1/../../../../arm-none-eabi/lib/thumb/v7-m/nofp/libg_nano.a(lib_a-nano-mallocr.o)
 .debug_frame   0x0000000000000000       0x4c /home/laranja/gcc-arm-none-eabi-10.3-2021.10/bin/../lib/gcc/arm-none-eabi/10.3.1/../../../../arm-none-eabi/lib/thumb/v7-m/nofp/libg_nano.a(lib_a-nano-mallocr.o)
 .ARM.attributes
                0x0000000000000000       0x2d /home/laranja/gcc-arm-none-eabi-10.3-2021.10/bin/../lib/gcc/arm-none-eabi/10.3.1/../../../../arm-none-eabi/lib/thumb/v7-m/nofp/libg_nano.a(lib_a-nano-mallocr.o)
 .text          0x0000000000000000        0x0 /home/laranja/gcc-arm-none-eabi-10.3-2021.10/bin/../lib/gcc/arm-none-eabi/10.3.1/../../../../arm-none-eabi/lib/thumb/v7-m/nofp/libg_nano.a(lib_a-sbrkr.o)
 .data          0x0000000000000000        0x0 /home/laranja/gcc-arm-none-eabi-10.3-2021.10/bin/../lib/gcc/arm-none-eabi/10.3.1/../../../../arm-none-eabi/lib/thumb/v7-m/nofp/libg_nano.a(lib_a-sbrkr.o)
 .bss           0x0000000000000000        0x0 /home/laranja/gcc-arm-none-eabi-10.3-2021.10/bin/../lib/gcc/arm-none-eabi/10.3.1/../../../../arm-none-eabi/lib/thumb/v7-m/nofp/libg_nano.a(lib_a-sbrkr.o)
 .text._sbrk_r  0x0000000000000000       0x20 /home/laranja/gcc-arm-none-eabi-10.3-2021.10/bin/../lib/gcc/arm-none-eabi/10.3.1/../../../../arm-none-eabi/lib/thumb/v7-m/nofp/libg_nano.a(lib_a-sbrkr.o)
 .debug_frame   0x0000000000000000       0x2c /home/laranja/gcc-arm-none-eabi-10.3-2021.10/bin/../lib/gcc/arm-none-eabi/10.3.1/../../../../arm-none-eabi/lib/thumb/v7-m/nofp/libg_nano.a(lib_a-sbrkr.o)
 .ARM.attributes
                0x0000000000000000       0x2d /home/laranja/gcc-arm-none-eabi-10.3-2021.10/bin/../lib/gcc/arm-none-eabi/10.3.1/../../../../arm-none-eabi/lib/thumb/v7-m/nofp/libg_nano.a(lib_a-sbrkr.o)
 .text          0x0000000000000000        0x0 /home/laranja/gcc-arm-none-eabi-10.3-2021.10/bin/../lib/gcc/arm-none-eabi/10.3.1/../../../../arm-none-eabi/lib/thumb/v7-m/nofp/libg_nano.a(lib_a-mlock.o)
 .data          0x0000000000000000        0x0 /home/laranja/gcc-arm-none-eabi-10.3-2021.10/bin/../lib/gcc/arm-none-eabi/10.3.1/../../../../arm-none-eabi/lib/thumb/v7-m/nofp/libg_nano.a(lib_a-mlock.o)
 .bss           0x0000000000000000        0x0 /home/laranja/gcc-arm-none-eabi-10.3-2021.10/bin/../lib/gcc/arm-none-eabi/10.3.1/../../../../arm-none-eabi/lib/thumb/v7-m/nofp/libg_nano.a(lib_a-mlock.o)
 .text.__malloc_lock
                0x0000000000000000        0xc /home/laranja/gcc-arm-none-eabi-10.3-2021.10/bin/../lib/gcc/arm-none-eabi/10.3.1/../../../../arm-none-eabi/lib/thumb/v7-m/nofp/libg_nano.a(lib_a-mlock.o)
 .text.__malloc_unlock
                0x0000000000000000        0xc /home/laranja/gcc-arm-none-eabi-10.3-2021.10/bin/../lib/gcc/arm-none-eabi/10.3.1/../../../../arm-none-eabi/lib/thumb/v7-m/nofp/libg_nano.a(lib_a-mlock.o)
 .debug_frame   0x0000000000000000       0x30 /home/laranja/gcc-arm-none-eabi-10.3-2021.10/bin/../lib/gcc/arm-none-eabi/10.3.1/../../../../arm-none-eabi/lib/thumb/v7-m/nofp/libg_nano.a(lib_a-mlock.o)
 .ARM.attributes
                0x0000000000000000       0x2d /home/laranja/gcc-arm-none-eabi-10.3-2021.10/bin/../lib/gcc/arm-none-eabi/10.3.1/../../../../arm-none-eabi/lib/thumb/v7-m/nofp/libg_nano.a(lib_a-mlock.o)
 .text          0x0000000000000000        0x0 /home/laranja/gcc-arm-none-eabi-10.3-2021.10/bin/../lib/gcc/arm-none-eabi/10.3.1/../../../../arm-none-eabi/lib/thumb/v7-m/nofp/libg_nano.a(lib_a-lock.o)
 .data          0x0000000000000000        0x0 /home/laranja/gcc-arm-none-eabi-10.3-2021.10/bin/../lib/gcc/arm-none-eabi/10.3.1/../../../../arm-none-eabi/lib/thumb/v7-m/nofp/libg_nano.a(lib_a-lock.o)
 .bss           0x0000000000000000        0x0 /home/laranja/gcc-arm-none-eabi-10.3-2021.10/bin/../lib/gcc/arm-none-eabi/10.3.1/../../../../arm-none-eabi/lib/thumb/v7-m/nofp/libg_nano.a(lib_a-lock.o)
 .text.__retarget_lock_init
                0x0000000000000000        0x2 /home/laranja/gcc-arm-none-eabi-10.3-2021.10/bin/../lib/gcc/arm-none-eabi/10.3.1/../../../../arm-none-eabi/lib/thumb/v7-m/nofp/libg_nano.a(lib_a-lock.o)
 .text.__retarget_lock_init_recursive
                0x0000000000000000        0x2 /home/laranja/gcc-arm-none-eabi-10.3-2021.10/bin/../lib/gcc/arm-none-eabi/10.3.1/../../../../arm-none-eabi/lib/thumb/v7-m/nofp/libg_nano.a(lib_a-lock.o)
 .text.__retarget_lock_close
                0x0000000000000000        0x2 /home/laranja/gcc-arm-none-eabi-10.3-2021.10/bin/../lib/gcc/arm-none-eabi/10.3.1/../../../../arm-none-eabi/lib/thumb/v7-m/nofp/libg_nano.a(lib_a-lock.o)
 .text.__retarget_lock_close_recursive
                0x0000000000000000        0x2 /home/laranja/gcc-arm-none-eabi-10.3-2021.10/bin/../lib/gcc/arm-none-eabi/10.3.1/../../../../arm-none-eabi/lib/thumb/v7-m/nofp/libg_nano.a(lib_a-lock.o)
 .text.__retarget_lock_acquire
                0x0000000000000000        0x2 /home/laranja/gcc-arm-none-eabi-10.3-2021.10/bin/../lib/gcc/arm-none-eabi/10.3.1/../../../../arm-none-eabi/lib/thumb/v7-m/nofp/libg_nano.a(lib_a-lock.o)
 .text.__retarget_lock_acquire_recursive
                0x0000000000000000        0x2 /home/laranja/gcc-arm-none-eabi-10.3-2021.10/bin/../lib/gcc/arm-none-eabi/10.3.1/../../../../arm-none-eabi/lib/thumb/v7-m/nofp/libg_nano.a(lib_a-lock.o)
 .text.__retarget_lock_try_acquire
                0x0000000000000000        0x4 /home/laranja/gcc-arm-none-eabi-10.3-2021.10/bin/../lib/gcc/arm-none-eabi/10.3.1/../../../../arm-none-eabi/lib/thumb/v7-m/nofp/libg_nano.a(lib_a-lock.o)
 .text.__retarget_lock_try_acquire_recursive
                0x0000000000000000        0x4 /home/laranja/gcc-arm-none-eabi-10.3-2021.10/bin/../lib/gcc/arm-none-eabi/10.3.1/../../../../arm-none-eabi/lib/thumb/v7-m/nofp/libg_nano.a(lib_a-lock.o)
 .text.__retarget_lock_release
                0x0000000000000000        0x2 /home/laranja/gcc-arm-none-eabi-10.3-2021.10/bin/../lib/gcc/arm-none-eabi/10.3.1/../../../../arm-none-eabi/lib/thumb/v7-m/nofp/libg_nano.a(lib_a-lock.o)
 .text.__retarget_lock_release_recursive
                0x0000000000000000        0x2 /home/laranja/gcc-arm-none-eabi-10.3-2021.10/bin/../lib/gcc/arm-none-eabi/10.3.1/../../../../arm-none-eabi/lib/thumb/v7-m/nofp/libg_nano.a(lib_a-lock.o)
 .bss.__lock___arc4random_mutex
                0x0000000000000000        0x1 /home/laranja/gcc-arm-none-eabi-10.3-2021.10/bin/../lib/gcc/arm-none-eabi/10.3.1/../../../../arm-none-eabi/lib/thumb/v7-m/nofp/libg_nano.a(lib_a-lock.o)
 .bss.__lock___at_quick_exit_mutex
                0x0000000000000000        0x1 /home/laranja/gcc-arm-none-eabi-10.3-2021.10/bin/../lib/gcc/arm-none-eabi/10.3.1/../../../../arm-none-eabi/lib/thumb/v7-m/nofp/libg_nano.a(lib_a-lock.o)
 .bss.__lock___atexit_recursive_mutex
                0x0000000000000000        0x1 /home/laranja/gcc-arm-none-eabi-10.3-2021.10/bin/../lib/gcc/arm-none-eabi/10.3.1/../../../../arm-none-eabi/lib/thumb/v7-m/nofp/libg_nano.a(lib_a-lock.o)
 .bss.__lock___dd_hash_mutex
                0x0000000000000000        0x1 /home/laranja/gcc-arm-none-eabi-10.3-2021.10/bin/../lib/gcc/arm-none-eabi/10.3.1/../../../../arm-none-eabi/lib/thumb/v7-m/nofp/libg_nano.a(lib_a-lock.o)
 .bss.__lock___env_recursive_mutex
                0x0000000000000000        0x1 /home/laranja/gcc-arm-none-eabi-10.3-2021.10/bin/../lib/gcc/arm-none-eabi/10.3.1/../../../../arm-none-eabi/lib/thumb/v7-m/nofp/libg_nano.a(lib_a-lock.o)
 .bss.__lock___malloc_recursive_mutex
                0x0000000000000000        0x1 /home/laranja/gcc-arm-none-eabi-10.3-2021.10/bin/../lib/gcc/arm-none-eabi/10.3.1/../../../../arm-none-eabi/lib/thumb/v7-m/nofp/libg_nano.a(lib_a-lock.o)
 .bss.__lock___sfp_recursive_mutex
                0x0000000000000000        0x1 /home/laranja/gcc-arm-none-eabi-10.3-2021.10/bin/../lib/gcc/arm-none-eabi/10.3.1/../../../../arm-none-eabi/lib/thumb/v7-m/nofp/libg_nano.a(lib_a-lock.o)
 .bss.__lock___sinit_recursive_mutex
                0x0000000000000000        0x1 /home/laranja/gcc-arm-none-eabi-10.3-2021.10/bin/../lib/gcc/arm-none-eabi/10.3.1/../../../../arm-none-eabi/lib/thumb/v7-m/nofp/libg_nano.a(lib_a-lock.o)
 .bss.__lock___tz_mutex
                0x0000000000000000        0x1 /home/laranja/gcc-arm-none-eabi-10.3-2021.10/bin/../lib/gcc/arm-none-eabi/10.3.1/../../../../arm-none-eabi/lib/thumb/v7-m/nofp/libg_nano.a(lib_a-lock.o)
 .debug_frame   0x0000000000000000       0xb0 /home/laranja/gcc-arm-none-eabi-10.3-2021.10/bin/../lib/gcc/arm-none-eabi/10.3.1/../../../../arm-none-eabi/lib/thumb/v7-m/nofp/libg_nano.a(lib_a-lock.o)
 .ARM.attributes
                0x0000000000000000       0x2d /home/laranja/gcc-arm-none-eabi-10.3-2021.10/bin/../lib/gcc/arm-none-eabi/10.3.1/../../../../arm-none-eabi/lib/thumb/v7-m/nofp/libg_nano.a(lib_a-lock.o)

Memory Configuration

Name             Origin             Length             Attributes
FLASH            0x0000000000000000 0x0000000000100000 xr
RAM              0x0000000020000000 0x0000000000020000 xrw
*default*        0x0000000000000000 0xffffffffffffffff

Linker script and memory map

LOAD gcc/adc.o
LOAD gcc/buffer.o
LOAD gcc/clock_efm32gg2.o
LOAD gcc/gpio.o
LOAD gcc/lcd.o
LOAD gcc/led.o
LOAD gcc/main.o
LOAD gcc/pwm.o
LOAD gcc/startup_efm32gg.o
LOAD gcc/syscalls.o
LOAD gcc/system_efm32gg.o
LOAD gcc/temperature.o
LOAD gcc/uart2.o
START GROUP
LOAD /home/laranja/gcc-arm-none-eabi-10.3-2021.10/bin/../lib/gcc/arm-none-eabi/10.3.1/thumb/v7-m/nofp/libgcc.a
LOAD /home/laranja/gcc-arm-none-eabi-10.3-2021.10/bin/../lib/gcc/arm-none-eabi/10.3.1/../../../../arm-none-eabi/lib/thumb/v7-m/nofp/libg_nano.a
LOAD /home/laranja/gcc-arm-none-eabi-10.3-2021.10/bin/../lib/gcc/arm-none-eabi/10.3.1/../../../../arm-none-eabi/lib/thumb/v7-m/nofp/libc_nano.a
END GROUP
START GROUP
LOAD /home/laranja/gcc-arm-none-eabi-10.3-2021.10/bin/../lib/gcc/arm-none-eabi/10.3.1/thumb/v7-m/nofp/libgcc.a
LOAD /home/laranja/gcc-arm-none-eabi-10.3-2021.10/bin/../lib/gcc/arm-none-eabi/10.3.1/../../../../arm-none-eabi/lib/thumb/v7-m/nofp/libc_nano.a
END GROUP

.text           0x0000000000000000      0xdc8
 *(.vectors)
 .vectors       0x0000000000000000       0xdc gcc/startup_efm32gg.o
                0x0000000000000000                __Vectors
                0x00000000000000dc                __Vectors_End = .
                0x00000000000000dc                __Vectors_Size = (__Vectors_End - __Vectors)
                0x00000000200001f8                __end__ = .
 *(.text*)
 .text.ADC0_IRQHandler
                0x00000000000000dc        0xc gcc/adc.o
                0x00000000000000dc                ADC0_IRQHandler
 .text.buffer_init
                0x00000000000000e8       0x38 gcc/buffer.o
                0x00000000000000e8                buffer_init
 .text.buffer_deinit
                0x0000000000000120       0x2a gcc/buffer.o
                0x0000000000000120                buffer_deinit
 .text.buffer_insert
                0x000000000000014a       0x5e gcc/buffer.o
                0x000000000000014a                buffer_insert
 .text.buffer_remove
                0x00000000000001a8       0x56 gcc/buffer.o
                0x00000000000001a8                buffer_remove
 *fill*         0x00000000000001fe        0x2 
 .text.GetProdRev
                0x0000000000000200       0x18 gcc/clock_efm32gg2.o
 .text.ClockRegisterCallback
                0x0000000000000218       0xc0 gcc/clock_efm32gg2.o
                0x0000000000000218                ClockRegisterCallback
 .text.ClockGetConfiguration
                0x00000000000002d8      0x1c4 gcc/clock_efm32gg2.o
                0x00000000000002d8                ClockGetConfiguration
 .text.ClockGetPeripheralClockFrequency
                0x000000000000049c       0x18 gcc/clock_efm32gg2.o
                0x000000000000049c                ClockGetPeripheralClockFrequency
 .text.NVIC_EnableIRQ
                0x00000000000004b4       0x30 gcc/main.o
 .text.TIMER0_IRQHandler
                0x00000000000004e4       0x28 gcc/main.o
                0x00000000000004e4                TIMER0_IRQHandler
 .text.main     0x000000000000050c       0xd8 gcc/main.o
                0x000000000000050c                main
 .text.Reset_Handler
                0x00000000000005e4       0x50 gcc/startup_efm32gg.o
                0x00000000000005e4                Reset_Handler
 .text.Default_Handler
                0x0000000000000634        0x6 gcc/startup_efm32gg.o
                0x0000000000000634                TIMER2_IRQHandler
                0x0000000000000634                DebugMon_Handler
                0x0000000000000634                USART0_TX_IRQHandler
                0x0000000000000634                I2C0_IRQHandler
                0x0000000000000634                HardFault_Handler
                0x0000000000000634                LEUART1_IRQHandler
                0x0000000000000634                SysTick_Handler
                0x0000000000000634                USART1_RX_IRQHandler
                0x0000000000000634                PendSV_Handler
                0x0000000000000634                NMI_Handler
                0x0000000000000634                I2C1_IRQHandler
                0x0000000000000634                TIMER3_IRQHandler
                0x0000000000000634                USART1_TX_IRQHandler
                0x0000000000000634                MSC_IRQHandler
                0x0000000000000634                UsageFault_Handler
                0x0000000000000634                LEUART0_IRQHandler
                0x0000000000000634                GPIO_EVEN_IRQHandler
                0x0000000000000634                RTC_IRQHandler
                0x0000000000000634                LCD_IRQHandler
                0x0000000000000634                PCNT2_IRQHandler
                0x0000000000000634                LETIMER0_IRQHandler
                0x0000000000000634                TIMER1_IRQHandler
                0x0000000000000634                USART2_RX_IRQHandler
                0x0000000000000634                Default_Handler
                0x0000000000000634                EMU_IRQHandler
                0x0000000000000634                PCNT0_IRQHandler
                0x0000000000000634                USB_IRQHandler
                0x0000000000000634                BURTC_IRQHandler
                0x0000000000000634                PCNT1_IRQHandler
                0x0000000000000634                ACMP0_IRQHandler
                0x0000000000000634                USART0_RX_IRQHandler
                0x0000000000000634                MemManage_Handler
                0x0000000000000634                SVC_Handler
                0x0000000000000634                DAC0_IRQHandler
                0x0000000000000634                CMU_IRQHandler
                0x0000000000000634                EBI_IRQHandler
                0x0000000000000634                LESENSE_IRQHandler
                0x0000000000000634                GPIO_ODD_IRQHandler
                0x0000000000000634                AES_IRQHandler
                0x0000000000000634                VCMP_IRQHandler
                0x0000000000000634                DMA_IRQHandler
                0x0000000000000634                BusFault_Handler
                0x0000000000000634                USART2_TX_IRQHandler
 *fill*         0x000000000000063a        0x2 
 .text.SerialInit
                0x000000000000063c       0x1c gcc/syscalls.o
 .text._main    0x0000000000000658        0xe gcc/syscalls.o
                0x0000000000000658                _main
 *fill*         0x0000000000000666        0x2 
 .text.GetProdRev
                0x0000000000000668       0x18 gcc/system_efm32gg.o
 .text.SystemCoreClockGet
                0x0000000000000680       0x34 gcc/system_efm32gg.o
                0x0000000000000680                SystemCoreClockGet
 .text.SystemHFClockGet
                0x00000000000006b4      0x118 gcc/system_efm32gg.o
                0x00000000000006b4                SystemHFClockGet
 .text.SystemInit
                0x00000000000007cc        0xc gcc/system_efm32gg.o
                0x00000000000007cc                SystemInit
 .text.NVIC_EnableIRQ
                0x00000000000007d8       0x30 gcc/uart2.o
 .text.NVIC_ClearPendingIRQ
                0x0000000000000808       0x34 gcc/uart2.o
 .text.NVIC_SetPriority
                0x000000000000083c       0x54 gcc/uart2.o
 .text.UART_SetBaudrate
                0x0000000000000890       0x34 gcc/uart2.o
                0x0000000000000890                UART_SetBaudrate
 .text.UART_TurnOff
                0x00000000000008c4       0x18 gcc/uart2.o
 .text.UART_TurnOn
                0x00000000000008dc       0x18 gcc/uart2.o
 .text.UART0_Prepare
                0x00000000000008f4       0x1c gcc/uart2.o
 .text.UART1_Prepare
                0x0000000000000910       0x1c gcc/uart2.o
 .text.UART0_Reconfigure
                0x000000000000092c       0x28 gcc/uart2.o
 .text.UART1_Reconfigure
                0x0000000000000954       0x28 gcc/uart2.o
 .text.UART_Reset
                0x000000000000097c       0xa8 gcc/uart2.o
 .text.UART_Init
                0x0000000000000a24      0x28c gcc/uart2.o
                0x0000000000000a24                UART_Init
 .text.UART0_RX_IRQHandler
                0x0000000000000cb0       0x38 gcc/uart2.o
                0x0000000000000cb0                UART0_RX_IRQHandler
 .text.UART1_RX_IRQHandler
                0x0000000000000ce8       0x38 gcc/uart2.o
                0x0000000000000ce8                UART1_RX_IRQHandler
 .text.UART0_TX_IRQHandler
                0x0000000000000d20       0x54 gcc/uart2.o
                0x0000000000000d20                UART0_TX_IRQHandler
 .text.UART1_TX_IRQHandler
                0x0000000000000d74       0x54 gcc/uart2.o
                0x0000000000000d74                UART1_TX_IRQHandler
 *(.init)
 *(.fini)
 *crtbegin.o(.ctors)
 *crtbegin?.o(.ctors)
 *(EXCLUDE_FILE(*crtend.o *crtend?.o) .ctors)
 *(SORT_BY_NAME(.ctors.*))
 *(.ctors)
 *crtbegin.o(.dtors)
 *crtbegin?.o(.dtors)
 *(EXCLUDE_FILE(*crtend.o *crtend?.o) .dtors)
 *(SORT_BY_NAME(.dtors.*))
 *(.dtors)
 *(.rodata*)
 *(.eh_frame*)

.glue_7         0x0000000000000dc8        0x0
 .glue_7        0x0000000000000dc8        0x0 linker stubs

.glue_7t        0x0000000000000dc8        0x0
 .glue_7t       0x0000000000000dc8        0x0 linker stubs

.vfp11_veneer   0x0000000000000dc8        0x0
 .vfp11_veneer  0x0000000000000dc8        0x0 linker stubs

.v4_bx          0x0000000000000dc8        0x0
 .v4_bx         0x0000000000000dc8        0x0 linker stubs

.iplt           0x0000000000000dc8        0x0
 .iplt          0x0000000000000dc8        0x0 gcc/clock_efm32gg2.o

.rel.dyn        0x0000000000000dc8        0x0
 .rel.iplt      0x0000000000000dc8        0x0 gcc/clock_efm32gg2.o

.ARM.extab
 *(.ARM.extab* .gnu.linkonce.armextab.*)
                0x0000000000000dc8                __exidx_start = .

.ARM.exidx
 *(.ARM.exidx* .gnu.linkonce.armexidx.*)
                0x0000000000000dc8                __exidx_end = .
                0x0000000000000dc8                __etext = .

.data           0x0000000020000000        0x8 load address 0x0000000000000dc8
                0x0000000020000000                __data_start__ = .
 *(vtable)
 *(.data*)
 .data.SystemHFXOClock
                0x0000000020000000        0x4 gcc/system_efm32gg.o
 .data.SystemLFXOClock
                0x0000000020000004        0x4 gcc/system_efm32gg.o
                0x0000000020000008                . = ALIGN (0x4)
 *(.ram)
                0x0000000020000008                . = ALIGN (0x4)
                [!provide]                        PROVIDE (__preinit_array_start = .)
 *(.preinit_array)
                [!provide]                        PROVIDE (__preinit_array_end = .)
                0x0000000020000008                . = ALIGN (0x4)
                [!provide]                        PROVIDE (__init_array_start = .)
 *(SORT_BY_NAME(.init_array.*))
 *(.init_array)
                [!provide]                        PROVIDE (__init_array_end = .)
                0x0000000020000008                . = ALIGN (0x4)
                [!provide]                        PROVIDE (__fini_array_start = .)
 *(SORT_BY_NAME(.fini_array.*))
 *(.fini_array)
                [!provide]                        PROVIDE (__fini_array_end = .)
 *(.jcr*)
                0x0000000020000008                . = ALIGN (0x4)
                0x0000000020000008                __data_end__ = .

.igot.plt       0x0000000020000008        0x0 load address 0x0000000000000dd0
 .igot.plt      0x0000000020000008        0x0 gcc/clock_efm32gg2.o

.bss            0x0000000020000008      0x1ec load address 0x0000000000000dd0
                0x0000000020000008                . = ALIGN (0x4)
                0x0000000020000008                __bss_start__ = .
 *(.bss*)
 .bss.callbacks
                0x0000000020000008       0x78 gcc/clock_efm32gg2.o
 .bss.ms_counter
                0x0000000020000080        0x2 gcc/main.o
                0x0000000020000080                ms_counter
 *fill*         0x0000000020000082        0x2 
 .bss.SystemCoreClock
                0x0000000020000084        0x4 gcc/system_efm32gg.o
                0x0000000020000084                SystemCoreClock
 .bss.ibuffarea0
                0x0000000020000088       0x74 gcc/uart2.o
                0x0000000020000088                ibuffarea0
 .bss.obuffarea0
                0x00000000200000fc       0x74 gcc/uart2.o
                0x00000000200000fc                obuffarea0
 .bss.ibuff0    0x0000000020000170        0x4 gcc/uart2.o
                0x0000000020000170                ibuff0
 .bss.obuff0    0x0000000020000174        0x4 gcc/uart2.o
                0x0000000020000174                obuff0
 .bss.ibuffarea1
                0x0000000020000178       0x74 gcc/uart2.o
                0x0000000020000178                ibuffarea1
 .bss.ibuff1    0x00000000200001ec        0x4 gcc/uart2.o
                0x00000000200001ec                ibuff1
 .bss.obuff1    0x00000000200001f0        0x4 gcc/uart2.o
                0x00000000200001f0                obuff1
 *(COMMON)
                0x00000000200001f4                . = ALIGN (0x4)
                0x00000000200001f4                __bss_end__ = .

.heap           0x00000000200001f8      0xc00
                0x00000000200001f8                __HeapBase = .
                0x00000000200001f8                __end__ = .
                0x00000000200001f8                end = __end__
                0x00000000200001f8                _end = __end__
 *(.heap*)
 .heap          0x00000000200001f8      0xc00 gcc/startup_efm32gg.o
                0x0000000020000df8                __HeapLimit = .

.stack_dummy    0x0000000020000df8      0x400
 *(.stack*)
 .stack         0x0000000020000df8      0x400 gcc/startup_efm32gg.o
                0x0000000020020000                __StackTop = (ORIGIN (RAM) + LENGTH (RAM))
                0x000000002001fc00                __StackLimit = (__StackTop - SIZEOF (.stack_dummy))
                [!provide]                        PROVIDE (__stack = __StackTop)
                0x0000000000000001                ASSERT ((__StackLimit >= __HeapLimit), region RAM overflowed with stack)
                0x0000000000000001                ASSERT ((LENGTH (FLASH) >= (__etext + SIZEOF (.data))), FLASH memory overflowed !)
OUTPUT(gcc/blink1.axf elf32-littlearm)
LOAD linker stubs

.debug_info     0x0000000000000000     0x40c3
 .debug_info    0x0000000000000000      0x8ce gcc/adc.o
 .debug_info    0x00000000000008ce      0x1a8 gcc/buffer.o
 .debug_info    0x0000000000000a76      0xac9 gcc/clock_efm32gg2.o
 .debug_info    0x000000000000153f      0x8f7 gcc/main.o
 .debug_info    0x0000000000001e36      0x1e1 gcc/startup_efm32gg.o
 .debug_info    0x0000000000002017      0xaf9 gcc/syscalls.o
 .debug_info    0x0000000000002b10      0x504 gcc/system_efm32gg.o
 .debug_info    0x0000000000003014     0x10af gcc/uart2.o

.debug_abbrev   0x0000000000000000      0xeaf
 .debug_abbrev  0x0000000000000000      0x1b6 gcc/adc.o
 .debug_abbrev  0x00000000000001b6       0xd7 gcc/buffer.o
 .debug_abbrev  0x000000000000028d      0x220 gcc/clock_efm32gg2.o
 .debug_abbrev  0x00000000000004ad      0x1d0 gcc/main.o
 .debug_abbrev  0x000000000000067d       0xfb gcc/startup_efm32gg.o
 .debug_abbrev  0x0000000000000778      0x2bc gcc/syscalls.o
 .debug_abbrev  0x0000000000000a34      0x185 gcc/system_efm32gg.o
 .debug_abbrev  0x0000000000000bb9      0x2f6 gcc/uart2.o

.debug_aranges  0x0000000000000000      0x3c0
 .debug_aranges
                0x0000000000000000       0x50 gcc/adc.o
 .debug_aranges
                0x0000000000000050       0x40 gcc/buffer.o
 .debug_aranges
                0x0000000000000090       0x88 gcc/clock_efm32gg2.o
 .debug_aranges
                0x0000000000000118       0x30 gcc/main.o
 .debug_aranges
                0x0000000000000148       0x38 gcc/startup_efm32gg.o
 .debug_aranges
                0x0000000000000180       0xf0 gcc/syscalls.o
 .debug_aranges
                0x0000000000000270       0x70 gcc/system_efm32gg.o
 .debug_aranges
                0x00000000000002e0       0xe0 gcc/uart2.o

.debug_ranges   0x0000000000000000      0x340
 .debug_ranges  0x0000000000000000       0x40 gcc/adc.o
 .debug_ranges  0x0000000000000040       0x30 gcc/buffer.o
 .debug_ranges  0x0000000000000070       0x78 gcc/clock_efm32gg2.o
 .debug_ranges  0x00000000000000e8       0x20 gcc/main.o
 .debug_ranges  0x0000000000000108       0x28 gcc/startup_efm32gg.o
 .debug_ranges  0x0000000000000130       0xe0 gcc/syscalls.o
 .debug_ranges  0x0000000000000210       0x60 gcc/system_efm32gg.o
 .debug_ranges  0x0000000000000270       0xd0 gcc/uart2.o

.debug_line     0x0000000000000000     0x2240
 .debug_line    0x0000000000000000      0x3da gcc/adc.o
 .debug_line    0x00000000000003da      0x12b gcc/buffer.o
 .debug_line    0x0000000000000505      0x882 gcc/clock_efm32gg2.o
 .debug_line    0x0000000000000d87      0x2cd gcc/main.o
 .debug_line    0x0000000000001054      0x16e gcc/startup_efm32gg.o
 .debug_line    0x00000000000011c2      0x570 gcc/syscalls.o
 .debug_line    0x0000000000001732      0x30b gcc/system_efm32gg.o
 .debug_line    0x0000000000001a3d      0x803 gcc/uart2.o

.debug_str      0x0000000000000000     0x1357
 .debug_str     0x0000000000000000      0x4cb gcc/adc.o
                                        0x547 (size before relaxing)
 .debug_str     0x00000000000004cb       0x75 gcc/buffer.o
                                        0x12e (size before relaxing)
 .debug_str     0x0000000000000540      0x3d3 gcc/clock_efm32gg2.o
                                        0x6d3 (size before relaxing)
 .debug_str     0x0000000000000913      0x340 gcc/main.o
                                        0x666 (size before relaxing)
 .debug_str     0x0000000000000c53       0xac gcc/startup_efm32gg.o
                                        0x1f8 (size before relaxing)
 .debug_str     0x0000000000000cff      0x2ff gcc/syscalls.o
                                        0x4ca (size before relaxing)
 .debug_str     0x0000000000000ffe       0xe0 gcc/system_efm32gg.o
                                        0x400 (size before relaxing)
 .debug_str     0x00000000000010de      0x279 gcc/uart2.o
                                        0x8fa (size before relaxing)

.comment        0x0000000000000000       0x49
 .comment       0x0000000000000000       0x49 gcc/adc.o
                                         0x4a (size before relaxing)
 .comment       0x0000000000000049       0x4a gcc/buffer.o
 .comment       0x0000000000000049       0x4a gcc/clock_efm32gg2.o
 .comment       0x0000000000000049       0x4a gcc/main.o
 .comment       0x0000000000000049       0x4a gcc/startup_efm32gg.o
 .comment       0x0000000000000049       0x4a gcc/syscalls.o
 .comment       0x0000000000000049       0x4a gcc/system_efm32gg.o
 .comment       0x0000000000000049       0x4a gcc/uart2.o

.ARM.attributes
                0x0000000000000000       0x2d
 .ARM.attributes
                0x0000000000000000       0x2d gcc/adc.o
 .ARM.attributes
                0x000000000000002d       0x2d gcc/buffer.o
 .ARM.attributes
                0x000000000000005a       0x2d gcc/clock_efm32gg2.o
 .ARM.attributes
                0x0000000000000087       0x2d gcc/main.o
 .ARM.attributes
                0x00000000000000b4       0x2d gcc/startup_efm32gg.o
 .ARM.attributes
                0x00000000000000e1       0x2d gcc/syscalls.o
 .ARM.attributes
                0x000000000000010e       0x2d gcc/system_efm32gg.o
 .ARM.attributes
                0x000000000000013b       0x2d gcc/uart2.o

.debug_frame    0x0000000000000000      0xe20
 .debug_frame   0x0000000000000000      0x118 gcc/adc.o
 .debug_frame   0x0000000000000118       0xd8 gcc/buffer.o
 .debug_frame   0x00000000000001f0      0x20c gcc/clock_efm32gg2.o
 .debug_frame   0x00000000000003fc       0x78 gcc/main.o
 .debug_frame   0x0000000000000474       0x78 gcc/startup_efm32gg.o
 .debug_frame   0x00000000000004ec      0x3f8 gcc/syscalls.o
 .debug_frame   0x00000000000008e4      0x180 gcc/system_efm32gg.o
 .debug_frame   0x0000000000000a64      0x3bc gcc/uart2.o
